E:\Snake\XPS\implementation\system.ngc 1510526055
E:/Snake/XPS/implementation/system_logsys_axi_sp6_simpleio_0_wrapper.ngc 1510525982
E:/Snake/XPS/implementation/system_rs232_wrapper.ngc 1510526027
E:/Snake/XPS/implementation/system_proc_sys_reset_0_wrapper.ngc 1510525904
E:/Snake/XPS/implementation/system_clock_generator_0_wrapper.ngc 1510526038
E:/Snake/XPS/implementation/system_microblaze_0_ilmb_wrapper.ngc 1510526030
E:/Snake/XPS/implementation/system_microblaze_0_dlmb_wrapper.ngc 1510526033
E:/Snake/XPS/implementation/system_axi4lite_0_wrapper.ngc 1510526041
E:/Snake/XPS/implementation/system_microblaze_0_wrapper.ngc 1510526036
E:/Snake/XPS/implementation/system_microblaze_0_intc_wrapper.ngc 1510525911
E:/Snake/XPS/implementation/system_microblaze_0_i_bram_ctrl_wrapper.ngc 1510525920
E:/Snake/XPS/implementation/system_microblaze_0_d_bram_ctrl_wrapper.ngc 1510525929
E:/Snake/XPS/implementation/system_debug_module_wrapper.ngc 1510525995
E:/Snake/XPS/implementation/system_lcd_ip_0_wrapper.ngc 1510525989
E:/Snake/XPS/implementation/system_axi_timer_0_wrapper.ngc 1510526011
E:/Snake/XPS/implementation/system_microblaze_0_bram_block_wrapper.ngc 1510525934
OK
