E:\Snake\XPS\implementation\system.ngc 1511824115
E:/Snake/XPS/implementation/system_logsys_axi_sp6_simpleio_0_wrapper.ngc 1511824086
E:/Snake/XPS/implementation/system_rs232_wrapper.ngc 1511824077
E:/Snake/XPS/implementation/system_proc_sys_reset_0_wrapper.ngc 1511824077
E:/Snake/XPS/implementation/system_clock_generator_0_wrapper.ngc 1511824100
E:/Snake/XPS/implementation/system_microblaze_0_ilmb_wrapper.ngc 1511824077
E:/Snake/XPS/implementation/system_microblaze_0_dlmb_wrapper.ngc 1511824077
E:/Snake/XPS/implementation/system_axi4lite_0_wrapper.ngc 1511824077
E:/Snake/XPS/implementation/system_microblaze_0_wrapper.ngc 1511824077
E:/Snake/XPS/implementation/system_microblaze_0_intc_wrapper.ngc 1511824077
E:/Snake/XPS/implementation/system_microblaze_0_i_bram_ctrl_wrapper.ngc 1511824077
E:/Snake/XPS/implementation/system_microblaze_0_d_bram_ctrl_wrapper.ngc 1511824077
E:/Snake/XPS/implementation/system_debug_module_wrapper.ngc 1511824077
E:/Snake/XPS/implementation/system_lcd_ip_0_wrapper.ngc 1511824093
E:/Snake/XPS/implementation/system_axi_timer_0_wrapper.ngc 1511824077
E:/Snake/XPS/implementation/system_microblaze_0_bram_block_wrapper.ngc 1511824077
OK
