E:\Snake\XPS\implementation\system.ngc 1510418611
E:/Snake/XPS/implementation/system_logsys_axi_sp6_simpleio_0_wrapper.ngc 1510418532
E:/Snake/XPS/implementation/system_rs232_wrapper.ngc 1510418582
E:/Snake/XPS/implementation/system_proc_sys_reset_0_wrapper.ngc 1510418453
E:/Snake/XPS/implementation/system_clock_generator_0_wrapper.ngc 1510418595
E:/Snake/XPS/implementation/system_microblaze_0_ilmb_wrapper.ngc 1510418585
E:/Snake/XPS/implementation/system_microblaze_0_dlmb_wrapper.ngc 1510418588
E:/Snake/XPS/implementation/system_axi4lite_0_wrapper.ngc 1510418598
E:/Snake/XPS/implementation/system_microblaze_0_wrapper.ngc 1510418592
E:/Snake/XPS/implementation/system_microblaze_0_intc_wrapper.ngc 1510418460
E:/Snake/XPS/implementation/system_microblaze_0_i_bram_ctrl_wrapper.ngc 1510418469
E:/Snake/XPS/implementation/system_microblaze_0_d_bram_ctrl_wrapper.ngc 1510418478
E:/Snake/XPS/implementation/system_debug_module_wrapper.ngc 1510418545
E:/Snake/XPS/implementation/system_lcd_ip_0_wrapper.ngc 1510418538
E:/Snake/XPS/implementation/system_axi_timer_0_wrapper.ngc 1510418564
E:/Snake/XPS/implementation/system_microblaze_0_bram_block_wrapper.ngc 1510418484
OK
